ogre. the after go to together get villagers the town, nearby a in While day. his about goes Shrek play. to begins Smashmouth by - Allstar flush) (toilet - of load a What happen. gonna ever that's Like (laughs) kiss. first love's true and love true her for tower tallest the of room highest the in keep dragon's the in waited She prevailed. non but prison, dreadful this from her free to attempted had knights brave Many dragon. fire-breathing terrible a by guarded castle a in away locked was She kiss. first love's by broken be only could which sort fearful a of her upon enchantment an had she But princess. lovely a was there time a upon Once SHREK 